// Jest Snapshot v1, https://goo.gl/fbAQLP

exports[`render Dropdown component should match snapshot 1`] = `ReactWrapper {}`;
