// Jest Snapshot v1, https://goo.gl/fbAQLP

exports[`render Loader component should match snapshot 1`] = `ReactWrapper {}`;
