// Jest Snapshot v1, https://goo.gl/fbAQLP

exports[`render SearchBar component should match snapshot 1`] = `ReactWrapper {}`;
