// Jest Snapshot v1, https://goo.gl/fbAQLP

exports[`render Tooltip component should match snapshot 1`] = `ReactWrapper {}`;
