// Jest Snapshot v1, https://goo.gl/fbAQLP

exports[`render Icon component should match snapshot 1`] = `ReactWrapper {}`;
